 gcccore/13.2.0 loaded.
 zlib/1.2.13-gcccore-13.2.0 loaded.
 binutils/2.40-gcccore-13.2.0 loaded.
 gcc/13.2.0 loaded.
=== THREADS: 2 ===
--- Variant 2 ---
Times for (LOCKS): size: 2000000000; threads: 2; buckets: 100
[VERIFICATION] Success: Sorted, Count matches (2000000000), Sum matches (delta: -2.673750e+02)
[Iteration 1] time: 303.308676 [s]
---; 5.839988; 78.013546; 211.434990; 2.733871; 303.308676

--- Variant 2 ALIGNED ---
Times for (LOCKS): size: 2000000000; threads: 2; buckets: 100
[VERIFICATION] Success: Sorted, Count matches (2000000000), Sum matches (delta: -2.673750e+02)
[Iteration 1] time: 302.777040 [s]
---; 5.797094; 63.377204; 225.798336; 2.511459; 302.777040

--- Variant 4 ---
Times for: size: 2000000000; threads: 2; buckets: 100
[VERIFICATION] Success: Sorted, Count matches (2000000000), Sum matches (delta: -2.673750e+02)
[Iteration 1] time: 302.499832 [s]
---; 5.803232; 72.532319; 216.142653; 2.737313; 302.499832

--- Variant 4 ALIGNED ---
Times for: size: 2000000000; threads: 2; buckets: 100
[VERIFICATION] Success: Sorted, Count matches (2000000000), Sum matches (delta: -2.673750e+02)
[Iteration 1] time: 292.726498 [s]
---; 5.792614; 65.223749; 213.638544; 2.786548; 292.726498

=== THREADS: 4 ===
--- Variant 2 ---
Times for (LOCKS): size: 2000000000; threads: 4; buckets: 100
[VERIFICATION] Success: Sorted, Count matches (2000000000), Sum matches (delta: -5.242500e+02)
[Iteration 1] time: 259.355938 [s]
---; 2.901617; 139.831495; 109.828798; 1.451989; 259.355938

--- Variant 2 ALIGNED ---
Times for (LOCKS): size: 2000000000; threads: 4; buckets: 100
[VERIFICATION] Success: Sorted, Count matches (2000000000), Sum matches (delta: -5.527500e+02)
[Iteration 1] time: 221.735616 [s]
---; 2.900550; 93.921613; 118.127492; 1.341966; 221.735616

--- Variant 4 ---
Times for: size: 2000000000; threads: 4; buckets: 100
[VERIFICATION] Success: Sorted, Count matches (2000000000), Sum matches (delta: -4.745000e+02)
[Iteration 1] time: 246.984557 [s]
---; 2.905924; 127.726385; 109.555243; 1.459765; 246.984557

--- Variant 4 ALIGNED ---
Times for: size: 2000000000; threads: 4; buckets: 100
[VERIFICATION] Success: Sorted, Count matches (2000000000), Sum matches (delta: -4.807500e+02)
[Iteration 1] time: 219.765535 [s]
---; 2.900831; 101.960726; 108.077357; 1.488768; 219.765535

=== THREADS: 6 ===
--- Variant 2 ---
Times for (LOCKS): size: 2000000000; threads: 6; buckets: 100
[VERIFICATION] Success: Sorted, Count matches (2000000000), Sum matches (delta: 4.936250e+02)
[Iteration 1] time: 207.030081 [s]
---; 1.943797; 123.236682; 75.496549; 1.017920; 207.030081

--- Variant 2 ALIGNED ---
Times for (LOCKS): size: 2000000000; threads: 6; buckets: 100
[VERIFICATION] Success: Sorted, Count matches (2000000000), Sum matches (delta: -5.000000e+01)
[Iteration 1] time: 166.809455 [s]
---; 1.939235; 76.003560; 82.600096; 0.927842; 166.809455

--- Variant 4 ---
Times for: size: 2000000000; threads: 6; buckets: 100
[VERIFICATION] Success: Sorted, Count matches (2000000000), Sum matches (delta: -3.672500e+02)
[Iteration 1] time: 186.784594 [s]
---; 1.942222; 102.691630; 75.812303; 1.003384; 186.784594

--- Variant 4 ALIGNED ---
Times for: size: 2000000000; threads: 6; buckets: 100
[VERIFICATION] Success: Sorted, Count matches (2000000000), Sum matches (delta: -2.450000e+02)
[Iteration 1] time: 161.571040 [s]
---; 1.939646; 77.732086; 75.546534; 1.019500; 161.571040

=== THREADS: 8 ===
--- Variant 2 ---
Times for (LOCKS): size: 2000000000; threads: 8; buckets: 100
[VERIFICATION] Success: Sorted, Count matches (2000000000), Sum matches (delta: -9.750000e+00)
[Iteration 1] time: 182.391731 [s]
---; 1.457210; 117.000621; 57.830719; 0.763513; 182.391731

--- Variant 2 ALIGNED ---
Times for (LOCKS): size: 2000000000; threads: 8; buckets: 100
[VERIFICATION] Success: Sorted, Count matches (2000000000), Sum matches (delta: -8.575000e+01)
[Iteration 1] time: 138.095453 [s]
---; 1.455260; 66.929872; 63.664006; 0.706918; 138.095453

--- Variant 4 ---
Times for: size: 2000000000; threads: 8; buckets: 100
[VERIFICATION] Success: Sorted, Count matches (2000000000), Sum matches (delta: -5.755000e+02)
[Iteration 1] time: 153.857711 [s]
---; 1.457125; 88.120084; 58.166968; 0.776653; 153.857711

--- Variant 4 ALIGNED ---
Times for: size: 2000000000; threads: 8; buckets: 100
[VERIFICATION] Success: Sorted, Count matches (2000000000), Sum matches (delta: 2.375000e+01)
[Iteration 1] time: 130.734238 [s]
---; 1.473122; 65.147066; 57.973468; 0.800730; 130.734238

=== THREADS: 10 ===
--- Variant 2 ---
Times for (LOCKS): size: 2000000000; threads: 10; buckets: 100
[VERIFICATION] Success: Sorted, Count matches (2000000000), Sum matches (delta: 4.927500e+02)
[Iteration 1] time: 164.625276 [s]
---; 1.169158; 112.606320; 44.892163; 0.620704; 164.625276

--- Variant 2 ALIGNED ---
Times for (LOCKS): size: 2000000000; threads: 10; buckets: 100
[VERIFICATION] Success: Sorted, Count matches (2000000000), Sum matches (delta: -1.301250e+02)
[Iteration 1] time: 116.997005 [s]
---; 1.169352; 60.992738; 48.902640; 0.595272; 116.997005

--- Variant 4 ---
Times for: size: 2000000000; threads: 10; buckets: 100
[VERIFICATION] Success: Sorted, Count matches (2000000000), Sum matches (delta: 3.283750e+02)
[Iteration 1] time: 129.670981 [s]
---; 1.169211; 77.624089; 44.917876; 0.622532; 129.670981

--- Variant 4 ALIGNED ---
Times for: size: 2000000000; threads: 10; buckets: 100
[VERIFICATION] Success: Sorted, Count matches (2000000000), Sum matches (delta: -4.900000e+01)
[Iteration 1] time: 108.876374 [s]
---; 1.167127; 57.006964; 44.734338; 0.629021; 108.876374

=== THREADS: 12 ===
--- Variant 2 ---
Times for (LOCKS): size: 2000000000; threads: 12; buckets: 100
[VERIFICATION] Success: Sorted, Count matches (2000000000), Sum matches (delta: -4.587500e+01)
[Iteration 1] time: 156.360598 [s]
---; 0.988506; 109.068837; 40.401205; 0.562947; 156.360598

--- Variant 2 ALIGNED ---
Times for (LOCKS): size: 2000000000; threads: 12; buckets: 100
[VERIFICATION] Success: Sorted, Count matches (2000000000), Sum matches (delta: 2.065000e+02)
[Iteration 1] time: 108.204486 [s]
---; 0.975554; 57.201987; 44.179057; 0.509846; 108.204486

--- Variant 4 ---
Times for: size: 2000000000; threads: 12; buckets: 100
[VERIFICATION] Success: Sorted, Count matches (2000000000), Sum matches (delta: 2.737500e+01)
[Iteration 1] time: 119.101103 [s]
---; 0.990099; 71.883957; 40.318012; 0.564699; 119.101103

--- Variant 4 ALIGNED ---
Times for: size: 2000000000; threads: 12; buckets: 100
[VERIFICATION] Success: Sorted, Count matches (2000000000), Sum matches (delta: 6.425000e+01)
[Iteration 1] time: 98.350360 [s]
---; 0.974805; 51.127464; 40.340246; 0.570423; 98.350360

=== THREADS: 14 ===
--- Variant 2 ---
Times for (LOCKS): size: 2000000000; threads: 14; buckets: 100
[VERIFICATION] Success: Sorted, Count matches (2000000000), Sum matches (delta: 2.542500e+02)
[Iteration 1] time: 145.658992 [s]
---; 0.840563; 103.138932; 35.822381; 0.516849; 145.658992

--- Variant 2 ALIGNED ---
Times for (LOCKS): size: 2000000000; threads: 14; buckets: 100
[VERIFICATION] Success: Sorted, Count matches (2000000000), Sum matches (delta: -1.505000e+02)
[Iteration 1] time: 100.835040 [s]
---; 0.838312; 54.852664; 39.290092; 0.506054; 100.835040

--- Variant 4 ---
Times for: size: 2000000000; threads: 14; buckets: 100
[VERIFICATION] Success: Sorted, Count matches (2000000000), Sum matches (delta: -1.888750e+02)
[Iteration 1] time: 108.106535 [s]
---; 0.841498; 65.600258; 35.839957; 0.484231; 108.106535

--- Variant 4 ALIGNED ---
Times for: size: 2000000000; threads: 14; buckets: 100
[VERIFICATION] Success: Sorted, Count matches (2000000000), Sum matches (delta: 1.501250e+02)
[Iteration 1] time: 89.016130 [s]
---; 0.845165; 46.450055; 35.877137; 0.492981; 89.016130

=== THREADS: 16 ===
--- Variant 2 ---
Times for (LOCKS): size: 2000000000; threads: 16; buckets: 100
[VERIFICATION] Success: Sorted, Count matches (2000000000), Sum matches (delta: -3.771250e+02)
[Iteration 1] time: 136.508036 [s]
---; 0.735638; 98.509220; 31.474161; 0.451639; 136.508036

--- Variant 2 ALIGNED ---
Times for (LOCKS): size: 2000000000; threads: 16; buckets: 100
[VERIFICATION] Success: Sorted, Count matches (2000000000), Sum matches (delta: -1.742500e+02)
[Iteration 1] time: 93.257206 [s]
---; 0.736452; 52.431005; 34.302687; 0.447172; 93.257206

--- Variant 4 ---
Times for: size: 2000000000; threads: 16; buckets: 100
[VERIFICATION] Success: Sorted, Count matches (2000000000), Sum matches (delta: -1.373750e+02)
[Iteration 1] time: 101.040325 [s]
---; 0.744937; 63.025166; 31.462789; 0.469428; 101.040325

--- Variant 4 ALIGNED ---
Times for: size: 2000000000; threads: 16; buckets: 100
[VERIFICATION] Success: Sorted, Count matches (2000000000), Sum matches (delta: -2.341250e+02)
[Iteration 1] time: 81.370131 [s]
---; 0.735851; 43.444180; 31.361888; 0.488424; 81.370131

=== THREADS: 18 ===
--- Variant 2 ---
Times for (LOCKS): size: 2000000000; threads: 18; buckets: 100
[VERIFICATION] Success: Sorted, Count matches (2000000000), Sum matches (delta: 5.638750e+02)
[Iteration 1] time: 127.595317 [s]
---; 0.659368; 93.962132; 27.188250; 0.447872; 127.595317

--- Variant 2 ALIGNED ---
Times for (LOCKS): size: 2000000000; threads: 18; buckets: 100
[VERIFICATION] Success: Sorted, Count matches (2000000000), Sum matches (delta: -8.875000e+00)
[Iteration 1] time: 87.893664 [s]
---; 0.656236; 51.833457; 29.639311; 0.428681; 87.893664

--- Variant 4 ---
Times for: size: 2000000000; threads: 18; buckets: 100
[VERIFICATION] Success: Sorted, Count matches (2000000000), Sum matches (delta: -9.062500e+01)
[Iteration 1] time: 92.680471 [s]
---; 0.657453; 59.096878; 27.153969; 0.432987; 92.680471

--- Variant 4 ALIGNED ---
Times for: size: 2000000000; threads: 18; buckets: 100
[VERIFICATION] Success: Sorted, Count matches (2000000000), Sum matches (delta: 7.111250e+02)
[Iteration 1] time: 73.818417 [s]
---; 0.656288; 40.364412; 27.044071; 0.414855; 73.818417

=== THREADS: 20 ===
--- Variant 2 ---
Times for (LOCKS): size: 2000000000; threads: 20; buckets: 100
[VERIFICATION] Success: Sorted, Count matches (2000000000), Sum matches (delta: -3.523750e+02)
[Iteration 1] time: 120.453109 [s]
---; 0.591466; 91.372488; 22.721408; 0.427856; 120.453109

--- Variant 2 ALIGNED ---
Times for (LOCKS): size: 2000000000; threads: 20; buckets: 100
[VERIFICATION] Success: Sorted, Count matches (2000000000), Sum matches (delta: -1.036375e+03)
[Iteration 1] time: 81.190223 [s]
---; 0.592157; 50.046199; 24.814020; 0.395518; 81.190223

--- Variant 4 ---
Times for: size: 2000000000; threads: 20; buckets: 100
[VERIFICATION] Success: Sorted, Count matches (2000000000), Sum matches (delta: -6.500000e+02)
[Iteration 1] time: 86.191337 [s]
---; 0.593050; 57.147638; 22.724227; 0.388068; 86.191337

--- Variant 4 ALIGNED ---
Times for: size: 2000000000; threads: 20; buckets: 100
[VERIFICATION] Success: Sorted, Count matches (2000000000), Sum matches (delta: -7.623750e+02)
[Iteration 1] time: 67.356664 [s]
---; 0.591683; 38.336128; 22.684923; 0.404415; 67.356664

=== THREADS: 22 ===
--- Variant 2 ---
Times for (LOCKS): size: 2000000000; threads: 22; buckets: 100
[VERIFICATION] Success: Sorted, Count matches (2000000000), Sum matches (delta: 7.548750e+02)
[Iteration 1] time: 117.961089 [s]
---; 0.539600; 89.096635; 22.591516; 0.395473; 117.961089

--- Variant 2 ALIGNED ---
Times for (LOCKS): size: 2000000000; threads: 22; buckets: 100
[VERIFICATION] Success: Sorted, Count matches (2000000000), Sum matches (delta: 9.472500e+02)
[Iteration 1] time: 79.967789 [s]
---; 0.540154; 48.911010; 24.774259; 0.394779; 79.967789

--- Variant 4 ---
Times for: size: 2000000000; threads: 22; buckets: 100
[VERIFICATION] Success: Sorted, Count matches (2000000000), Sum matches (delta: -2.650000e+01)
[Iteration 1] time: 84.153253 [s]
---; 0.541004; 55.231639; 22.637950; 0.402255; 84.153253

--- Variant 4 ALIGNED ---
Times for: size: 2000000000; threads: 22; buckets: 100
[VERIFICATION] Success: Sorted, Count matches (2000000000), Sum matches (delta: 5.957500e+02)
[Iteration 1] time: 65.365878 [s]
---; 0.543172; 36.447012; 22.618857; 0.406625; 65.365878

=== THREADS: 24 ===
--- Variant 2 ---
Times for (LOCKS): size: 2000000000; threads: 24; buckets: 100
[VERIFICATION] Success: Sorted, Count matches (2000000000), Sum matches (delta: 2.678750e+02)
[Iteration 1] time: 116.751401 [s]
---; 0.496279; 87.845766; 22.672310; 0.389872; 116.751401

--- Variant 2 ALIGNED ---
Times for (LOCKS): size: 2000000000; threads: 24; buckets: 100
[VERIFICATION] Success: Sorted, Count matches (2000000000), Sum matches (delta: -5.501250e+02)
[Iteration 1] time: 79.409517 [s]
---; 0.497240; 48.265288; 24.757678; 0.421966; 79.409517

--- Variant 4 ---
Times for: size: 2000000000; threads: 24; buckets: 100
[VERIFICATION] Success: Sorted, Count matches (2000000000), Sum matches (delta: -7.500000e-01)
[Iteration 1] time: 82.382273 [s]
---; 0.503349; 53.522653; 22.628847; 0.387452; 82.382273

--- Variant 4 ALIGNED ---
Times for: size: 2000000000; threads: 24; buckets: 100
[VERIFICATION] Success: Sorted, Count matches (2000000000), Sum matches (delta: -5.958750e+02)
[Iteration 1] time: 62.806862 [s]
---; 0.495731; 33.895620; 22.632212; 0.443680; 62.806862

=== THREADS: 26 ===
--- Variant 2 ---
Times for (LOCKS): size: 2000000000; threads: 26; buckets: 100
[VERIFICATION] Success: Sorted, Count matches (2000000000), Sum matches (delta: 1.125000e+02)
[Iteration 1] time: 109.855044 [s]
---; 0.460383; 85.360428; 18.276841; 0.416806; 109.855044

--- Variant 2 ALIGNED ---
Times for (LOCKS): size: 2000000000; threads: 26; buckets: 100
[VERIFICATION] Success: Sorted, Count matches (2000000000), Sum matches (delta: 1.029375e+03)
[Iteration 1] time: 73.618981 [s]
---; 0.460607; 47.440679; 19.962405; 0.410084; 73.618981

--- Variant 4 ---
Times for: size: 2000000000; threads: 26; buckets: 100
[VERIFICATION] Success: Sorted, Count matches (2000000000), Sum matches (delta: 3.297500e+02)
[Iteration 1] time: 76.926669 [s]
---; 0.460846; 52.518843; 18.233409; 0.371760; 76.926669

--- Variant 4 ALIGNED ---
Times for: size: 2000000000; threads: 26; buckets: 100
[VERIFICATION] Success: Sorted, Count matches (2000000000), Sum matches (delta: 2.268750e+02)
[Iteration 1] time: 57.853826 [s]
---; 0.467616; 33.338547; 18.229827; 0.477212; 57.853826

=== THREADS: 28 ===
--- Variant 2 ---
Times for (LOCKS): size: 2000000000; threads: 28; buckets: 100
[VERIFICATION] Success: Sorted, Count matches (2000000000), Sum matches (delta: 1.362000e+03)
[Iteration 1] time: 109.340183 [s]
---; 0.436707; 84.901460; 18.236738; 0.423899; 109.340183

--- Variant 2 ALIGNED ---
Times for (LOCKS): size: 2000000000; threads: 28; buckets: 100
[VERIFICATION] Success: Sorted, Count matches (2000000000), Sum matches (delta: 4.861250e+02)
[Iteration 1] time: 73.083656 [s]
---; 0.429461; 46.917727; 20.024256; 0.374332; 73.083656

--- Variant 4 ---
Times for: size: 2000000000; threads: 28; buckets: 100
[VERIFICATION] Success: Sorted, Count matches (2000000000), Sum matches (delta: 8.590000e+02)
[Iteration 1] time: 76.431295 [s]
---; 0.429173; 51.891883; 18.329016; 0.442274; 76.431295

--- Variant 4 ALIGNED ---
Times for: size: 2000000000; threads: 28; buckets: 100
[VERIFICATION] Success: Sorted, Count matches (2000000000), Sum matches (delta: 1.215000e+03)
[Iteration 1] time: 56.983857 [s]
---; 0.428000; 32.622185; 18.211325; 0.383858; 56.983857

=== THREADS: 30 ===
--- Variant 2 ---
Times for (LOCKS): size: 2000000000; threads: 30; buckets: 100
[VERIFICATION] Success: Sorted, Count matches (2000000000), Sum matches (delta: 1.208625e+03)
[Iteration 1] time: 108.406207 [s]
---; 0.408739; 83.911395; 18.311136; 0.436802; 108.406207

--- Variant 2 ALIGNED ---
Times for (LOCKS): size: 2000000000; threads: 30; buckets: 100
[VERIFICATION] Success: Sorted, Count matches (2000000000), Sum matches (delta: 1.052125e+03)
[Iteration 1] time: 72.399357 [s]
---; 0.402485; 46.309457; 19.953758; 0.397702; 72.399357

--- Variant 4 ---
Times for: size: 2000000000; threads: 30; buckets: 100
[VERIFICATION] Success: Sorted, Count matches (2000000000), Sum matches (delta: 1.775125e+03)
[Iteration 1] time: 74.995162 [s]
---; 0.406497; 50.527949; 18.278399; 0.445863; 74.995162

--- Variant 4 ALIGNED ---
Times for: size: 2000000000; threads: 30; buckets: 100
[VERIFICATION] Success: Sorted, Count matches (2000000000), Sum matches (delta: 3.691250e+02)
[Iteration 1] time: 55.551865 [s]
---; 0.401788; 31.206475; 18.223772; 0.381284; 55.551865

=== THREADS: 32 ===
--- Variant 2 ---
Times for (LOCKS): size: 2000000000; threads: 32; buckets: 100
[VERIFICATION] Success: Sorted, Count matches (2000000000), Sum matches (delta: 1.209250e+03)
[Iteration 1] time: 109.286107 [s]
---; 0.378658; 84.979081; 18.189663; 0.399665; 109.286107

--- Variant 2 ALIGNED ---
Times for (LOCKS): size: 2000000000; threads: 32; buckets: 100
[VERIFICATION] Success: Sorted, Count matches (2000000000), Sum matches (delta: 7.511250e+02)
[Iteration 1] time: 72.088635 [s]
---; 0.379216; 45.977264; 19.988376; 0.405579; 72.088635

--- Variant 4 ---
Times for: size: 2000000000; threads: 32; buckets: 100
[VERIFICATION] Success: Sorted, Count matches (2000000000), Sum matches (delta: 1.046250e+03)
[Iteration 1] time: 74.241817 [s]
---; 0.382358; 49.876046; 18.243126; 0.401831; 74.241817

--- Variant 4 ALIGNED ---
Times for: size: 2000000000; threads: 32; buckets: 100
[VERIFICATION] Success: Sorted, Count matches (2000000000), Sum matches (delta: 3.337500e+02)
[Iteration 1] time: 54.866609 [s]
---; 0.378778; 30.527565; 18.225905; 0.386411; 54.866609

=== THREADS: 34 ===
--- Variant 2 ---
Times for (LOCKS): size: 2000000000; threads: 34; buckets: 100
[VERIFICATION] Success: Sorted, Count matches (2000000000), Sum matches (delta: -4.001250e+02)
[Iteration 1] time: 106.892746 [s]
---; 0.358668; 86.894133; 13.914948; 0.386980; 106.892746

--- Variant 2 ALIGNED ---
Times for (LOCKS): size: 2000000000; threads: 34; buckets: 100
[VERIFICATION] Success: Sorted, Count matches (2000000000), Sum matches (delta: 3.532500e+02)
[Iteration 1] time: 66.766342 [s]
---; 0.359282; 45.497040; 15.179731; 0.395059; 66.766342

--- Variant 4 ---
Times for: size: 2000000000; threads: 34; buckets: 100
[VERIFICATION] Success: Sorted, Count matches (2000000000), Sum matches (delta: -5.785000e+02)
[Iteration 1] time: 69.637270 [s]
---; 0.359339; 49.613097; 13.950537; 0.376769; 69.637270

--- Variant 4 ALIGNED ---
Times for: size: 2000000000; threads: 34; buckets: 100
[VERIFICATION] Success: Sorted, Count matches (2000000000), Sum matches (delta: -1.913750e+02)
[Iteration 1] time: 50.020852 [s]
---; 0.357080; 29.974259; 13.953360; 0.398967; 50.020852

=== THREADS: 36 ===
--- Variant 2 ---
Times for (LOCKS): size: 2000000000; threads: 36; buckets: 100
[VERIFICATION] Success: Sorted, Count matches (2000000000), Sum matches (delta: -4.547500e+02)
[Iteration 1] time: 117.637138 [s]
---; 0.341193; 97.606283; 13.955098; 0.393491; 117.637138

--- Variant 2 ALIGNED ---
Times for (LOCKS): size: 2000000000; threads: 36; buckets: 100
[VERIFICATION] Success: Sorted, Count matches (2000000000), Sum matches (delta: -6.550000e+01)
[Iteration 1] time: 66.245935 [s]
---; 0.341993; 44.947439; 15.206893; 0.403427; 66.245935

--- Variant 4 ---
Times for: size: 2000000000; threads: 36; buckets: 100
[VERIFICATION] Success: Sorted, Count matches (2000000000), Sum matches (delta: -1.391750e+03)
[Iteration 1] time: 68.367646 [s]
---; 0.341020; 48.351308; 13.930990; 0.404079; 68.367646

--- Variant 4 ALIGNED ---
Times for: size: 2000000000; threads: 36; buckets: 100
[VERIFICATION] Success: Sorted, Count matches (2000000000), Sum matches (delta: -2.153750e+02)
[Iteration 1] time: 49.440340 [s]
---; 0.341247; 29.480939; 13.915692; 0.362105; 49.440340

=== THREADS: 38 ===
--- Variant 2 ---
Times for (LOCKS): size: 2000000000; threads: 38; buckets: 100
[VERIFICATION] Success: Sorted, Count matches (2000000000), Sum matches (delta: -4.827500e+02)
[Iteration 1] time: 133.084127 [s]
---; 0.324993; 113.016396; 13.995768; 0.406557; 133.084127

--- Variant 2 ALIGNED ---
Times for (LOCKS): size: 2000000000; threads: 38; buckets: 100
[VERIFICATION] Success: Sorted, Count matches (2000000000), Sum matches (delta: -1.395000e+02)
[Iteration 1] time: 65.653908 [s]
---; 0.325228; 44.269499; 15.304916; 0.419235; 65.653908

--- Variant 4 ---
Times for: size: 2000000000; threads: 38; buckets: 100
[VERIFICATION] Success: Sorted, Count matches (2000000000), Sum matches (delta: -3.850000e+02)
[Iteration 1] time: 68.979440 [s]
---; 0.326137; 48.860107; 14.020814; 0.438098; 68.979440

--- Variant 4 ALIGNED ---
Times for: size: 2000000000; threads: 38; buckets: 100
[VERIFICATION] Success: Sorted, Count matches (2000000000), Sum matches (delta: 1.498750e+02)
[Iteration 1] time: 49.253219 [s]
---; 0.324825; 29.082664; 14.059669; 0.434539; 49.253219

=== THREADS: 40 ===
--- Variant 2 ---
Times for (LOCKS): size: 2000000000; threads: 40; buckets: 100
[VERIFICATION] Success: Sorted, Count matches (2000000000), Sum matches (delta: -5.316250e+02)
[Iteration 1] time: 117.734031 [s]
---; 0.312235; 97.711862; 13.990498; 0.377206; 117.734031

--- Variant 2 ALIGNED ---
Times for (LOCKS): size: 2000000000; threads: 40; buckets: 100
[VERIFICATION] Success: Sorted, Count matches (2000000000), Sum matches (delta: -3.463750e+02)
[Iteration 1] time: 65.591204 [s]
---; 0.314533; 44.081132; 15.335697; 0.508252; 65.591204

--- Variant 4 ---
Times for: size: 2000000000; threads: 40; buckets: 100
[VERIFICATION] Success: Sorted, Count matches (2000000000), Sum matches (delta: 1.630000e+02)
[Iteration 1] time: 68.816509 [s]
---; 0.312758; 48.717128; 14.040844; 0.396501; 68.816509

--- Variant 4 ALIGNED ---
Times for: size: 2000000000; threads: 40; buckets: 100
[VERIFICATION] Success: Sorted, Count matches (2000000000), Sum matches (delta: 2.000000e+02)
[Iteration 1] time: 48.719589 [s]
---; 0.312168; 28.666661; 14.019580; 0.378840; 48.719589

=== THREADS: 42 ===
--- Variant 2 ---
Times for (LOCKS): size: 2000000000; threads: 42; buckets: 100
[VERIFICATION] Success: Sorted, Count matches (2000000000), Sum matches (delta: 1.447500e+03)
[Iteration 1] time: 129.007330 [s]
---; 0.302588; 108.759861; 14.201453; 0.405510; 129.007330

--- Variant 2 ALIGNED ---
Times for (LOCKS): size: 2000000000; threads: 42; buckets: 100
[VERIFICATION] Success: Sorted, Count matches (2000000000), Sum matches (delta: -1.074875e+03)
[Iteration 1] time: 65.248000 [s]
---; 0.306870; 43.632012; 15.539410; 0.432481; 65.248000

--- Variant 4 ---
Times for: size: 2000000000; threads: 42; buckets: 100
[VERIFICATION] Success: Sorted, Count matches (2000000000), Sum matches (delta: 4.575000e+02)
[Iteration 1] time: 69.182068 [s]
---; 0.297965; 48.841030; 14.290577; 0.400935; 69.182068

--- Variant 4 ALIGNED ---
Times for: size: 2000000000; threads: 42; buckets: 100
[VERIFICATION] Success: Sorted, Count matches (2000000000), Sum matches (delta: -6.550000e+02)
[Iteration 1] time: 49.449747 [s]
---; 0.302982; 28.945203; 14.389286; 0.466526; 49.449747

=== THREADS: 44 ===
--- Variant 2 ---
Times for (LOCKS): size: 2000000000; threads: 44; buckets: 100
[VERIFICATION] Success: Sorted, Count matches (2000000000), Sum matches (delta: -1.977500e+02)
[Iteration 1] time: 132.503225 [s]
---; 0.293984; 112.202186; 14.243113; 0.410561; 132.503225

--- Variant 2 ALIGNED ---
Times for (LOCKS): size: 2000000000; threads: 44; buckets: 100
[VERIFICATION] Success: Sorted, Count matches (2000000000), Sum matches (delta: 3.266250e+02)
[Iteration 1] time: 65.096464 [s]
---; 0.291871; 43.377793; 15.636445; 0.453550; 65.096464

--- Variant 4 ---
Times for: size: 2000000000; threads: 44; buckets: 100
[VERIFICATION] Success: Sorted, Count matches (2000000000), Sum matches (delta: 2.612500e+02)
[Iteration 1] time: 67.578792 [s]
---; 0.294251; 47.308046; 14.224603; 0.411450; 67.578792

--- Variant 4 ALIGNED ---
Times for: size: 2000000000; threads: 44; buckets: 100
[VERIFICATION] Success: Sorted, Count matches (2000000000), Sum matches (delta: -4.375000e+02)
[Iteration 1] time: 49.340466 [s]
---; 0.291580; 28.971169; 14.291990; 0.446351; 49.340466

=== THREADS: 46 ===
--- Variant 2 ---
Times for (LOCKS): size: 2000000000; threads: 46; buckets: 100
[VERIFICATION] Success: Sorted, Count matches (2000000000), Sum matches (delta: -7.386250e+02)
[Iteration 1] time: 144.764200 [s]
---; 0.286749; 124.283232; 14.450823; 0.404582; 144.764200

--- Variant 2 ALIGNED ---
Times for (LOCKS): size: 2000000000; threads: 46; buckets: 100
[VERIFICATION] Success: Sorted, Count matches (2000000000), Sum matches (delta: 9.025000e+01)
[Iteration 1] time: 64.632718 [s]
---; 0.285291; 42.879278; 15.731233; 0.391837; 64.632718

--- Variant 4 ---
Times for: size: 2000000000; threads: 46; buckets: 100
[VERIFICATION] Success: Sorted, Count matches (2000000000), Sum matches (delta: -5.705000e+02)
[Iteration 1] time: 69.235535 [s]
---; 0.285118; 48.514478; 14.583369; 0.433914; 69.235535

--- Variant 4 ALIGNED ---
Times for: size: 2000000000; threads: 46; buckets: 100
[VERIFICATION] Success: Sorted, Count matches (2000000000), Sum matches (delta: 1.340000e+02)
[Iteration 1] time: 51.185093 [s]
---; 0.284106; 30.040619; 14.965511; 0.556751; 51.185093

=== THREADS: 48 ===
--- Variant 2 ---
Times for (LOCKS): size: 2000000000; threads: 48; buckets: 100
[VERIFICATION] Success: Sorted, Count matches (2000000000), Sum matches (delta: 7.917500e+02)
[Iteration 1] time: 143.986278 [s]
---; 0.278965; 123.457960; 14.450438; 0.459478; 143.986278

--- Variant 2 ALIGNED ---
Times for (LOCKS): size: 2000000000; threads: 48; buckets: 100
[VERIFICATION] Success: Sorted, Count matches (2000000000), Sum matches (delta: -2.573750e+02)
[Iteration 1] time: 65.001787 [s]
---; 0.281153; 43.151614; 15.824645; 0.404987; 65.001787

--- Variant 4 ---
Times for: size: 2000000000; threads: 48; buckets: 100
[VERIFICATION] Success: Sorted, Count matches (2000000000), Sum matches (delta: -1.756250e+02)
[Iteration 1] time: 69.110389 [s]
---; 0.279261; 48.415093; 14.612634; 0.460769; 69.110389

--- Variant 4 ALIGNED ---
Times for: size: 2000000000; threads: 48; buckets: 100
[VERIFICATION] Success: Sorted, Count matches (2000000000), Sum matches (delta: -3.146250e+02)
[Iteration 1] time: 50.486047 [s]
---; 0.283286; 29.874864; 14.528439; 0.460811; 50.486047

